DEBUG 2025-07-29 01:36:03,985 utils (0.002) 
            SELECT name, type FROM sqlite_master
            WHERE type in ('table', 'view') AND NOT name='sqlite_sequence'
            ORDER BY name; args=None; alias=default
DEBUG 2025-07-29 01:36:03,992 utils (0.001) SELECT "django_migrations"."id", "django_migrations"."app", "django_migrations"."name", "django_migrations"."applied" FROM "django_migrations"; args=(); alias=default
DEBUG 2025-07-29 01:36:54,105 utils (0.001) 
            SELECT name, type FROM sqlite_master
            WHERE type in ('table', 'view') AND NOT name='sqlite_sequence'
            ORDER BY name; args=None; alias=default
DEBUG 2025-07-29 01:36:54,110 utils (0.000) SELECT "django_migrations"."id", "django_migrations"."app", "django_migrations"."name", "django_migrations"."applied" FROM "django_migrations"; args=(); alias=default
DEBUG 2025-07-29 01:37:43,488 utils (0.001) SELECT "task_manager_task"."id", "task_manager_task"."title", "task_manager_task"."description", "task_manager_task"."status", "task_manager_task"."deadline", "task_manager_task"."deadline_date", "task_manager_task"."created_at" FROM "task_manager_task" ORDER BY "task_manager_task"."created_at" DESC LIMIT 7; args=(); alias=default
DEBUG 2025-07-29 01:37:43,504 utils (0.001) SELECT "task_manager_subtask"."id", "task_manager_subtask"."title", "task_manager_subtask"."description", "task_manager_subtask"."task_id", "task_manager_subtask"."status", "task_manager_subtask"."deadline", "task_manager_subtask"."created_at" FROM "task_manager_subtask" WHERE "task_manager_subtask"."task_id" = 4 ORDER BY "task_manager_subtask"."created_at" DESC; args=(4,); alias=default
DEBUG 2025-07-29 01:37:43,505 utils (0.000) SELECT "task_manager_subtask"."id", "task_manager_subtask"."title", "task_manager_subtask"."description", "task_manager_subtask"."task_id", "task_manager_subtask"."status", "task_manager_subtask"."deadline", "task_manager_subtask"."created_at" FROM "task_manager_subtask" WHERE "task_manager_subtask"."task_id" = 3 ORDER BY "task_manager_subtask"."created_at" DESC; args=(3,); alias=default
DEBUG 2025-07-29 01:37:43,507 utils (0.000) SELECT "task_manager_subtask"."id", "task_manager_subtask"."title", "task_manager_subtask"."description", "task_manager_subtask"."task_id", "task_manager_subtask"."status", "task_manager_subtask"."deadline", "task_manager_subtask"."created_at" FROM "task_manager_subtask" WHERE "task_manager_subtask"."task_id" = 2 ORDER BY "task_manager_subtask"."created_at" DESC; args=(2,); alias=default
DEBUG 2025-07-29 01:37:43,511 utils (0.000) SELECT "task_manager_subtask"."id", "task_manager_subtask"."title", "task_manager_subtask"."description", "task_manager_subtask"."task_id", "task_manager_subtask"."status", "task_manager_subtask"."deadline", "task_manager_subtask"."created_at" FROM "task_manager_subtask" WHERE "task_manager_subtask"."task_id" = 1 ORDER BY "task_manager_subtask"."created_at" DESC; args=(1,); alias=default
DEBUG 2025-07-29 01:38:48,230 utils (0.001) SELECT 1 AS "a" FROM "task_manager_category" WHERE (NOT "task_manager_category"."is_deleted" AND "task_manager_category"."name" = 'Sun') LIMIT 1; args=(1, 'Sun'); alias=default
DEBUG 2025-07-29 01:38:48,231 utils (0.000) SELECT 1 AS "a" FROM "task_manager_category" WHERE (NOT "task_manager_category"."is_deleted" AND "task_manager_category"."name" = 'Sun') LIMIT 1; args=(1, 'Sun'); alias=default
DEBUG 2025-07-29 01:38:48,236 utils (0.004) INSERT INTO "task_manager_category" ("name", "is_deleted", "deleted_at") VALUES ('Sun', 0, NULL) RETURNING "task_manager_category"."id"; args=('Sun', False, None); alias=default
DEBUG 2025-07-29 01:55:48,509 utils (0.002) 
            SELECT name, type FROM sqlite_master
            WHERE type in ('table', 'view') AND NOT name='sqlite_sequence'
            ORDER BY name; args=None; alias=default
DEBUG 2025-07-29 01:55:48,517 utils (0.000) SELECT "django_migrations"."id", "django_migrations"."app", "django_migrations"."name", "django_migrations"."applied" FROM "django_migrations"; args=(); alias=default
DEBUG 2025-07-29 01:57:35,568 utils (0.001) 
            SELECT name, type FROM sqlite_master
            WHERE type in ('table', 'view') AND NOT name='sqlite_sequence'
            ORDER BY name; args=None; alias=default
DEBUG 2025-07-29 01:57:35,572 utils (0.000) SELECT "django_migrations"."id", "django_migrations"."app", "django_migrations"."name", "django_migrations"."applied" FROM "django_migrations"; args=(); alias=default
DEBUG 2025-07-29 01:58:03,410 utils (0.001) 
            SELECT name, type FROM sqlite_master
            WHERE type in ('table', 'view') AND NOT name='sqlite_sequence'
            ORDER BY name; args=None; alias=default
DEBUG 2025-07-29 01:58:03,414 utils (0.000) SELECT "django_migrations"."id", "django_migrations"."app", "django_migrations"."name", "django_migrations"."applied" FROM "django_migrations"; args=(); alias=default
DEBUG 2025-07-29 01:58:17,808 utils (0.001) 
            SELECT name, type FROM sqlite_master
            WHERE type in ('table', 'view') AND NOT name='sqlite_sequence'
            ORDER BY name; args=None; alias=default
DEBUG 2025-07-29 01:58:17,813 utils (0.000) SELECT "django_migrations"."id", "django_migrations"."app", "django_migrations"."name", "django_migrations"."applied" FROM "django_migrations"; args=(); alias=default
DEBUG 2025-07-29 01:58:28,813 utils (0.001) 
            SELECT name, type FROM sqlite_master
            WHERE type in ('table', 'view') AND NOT name='sqlite_sequence'
            ORDER BY name; args=None; alias=default
DEBUG 2025-07-29 01:58:28,817 utils (0.000) SELECT "django_migrations"."id", "django_migrations"."app", "django_migrations"."name", "django_migrations"."applied" FROM "django_migrations"; args=(); alias=default
DEBUG 2025-07-29 01:58:45,650 utils (0.001) 
            SELECT name, type FROM sqlite_master
            WHERE type in ('table', 'view') AND NOT name='sqlite_sequence'
            ORDER BY name; args=None; alias=default
DEBUG 2025-07-29 01:58:45,657 utils (0.001) SELECT "django_migrations"."id", "django_migrations"."app", "django_migrations"."name", "django_migrations"."applied" FROM "django_migrations"; args=(); alias=default
DEBUG 2025-07-29 01:59:32,253 utils (0.001) 
            SELECT name, type FROM sqlite_master
            WHERE type in ('table', 'view') AND NOT name='sqlite_sequence'
            ORDER BY name; args=None; alias=default
DEBUG 2025-07-29 01:59:32,258 utils (0.001) SELECT "django_migrations"."id", "django_migrations"."app", "django_migrations"."name", "django_migrations"."applied" FROM "django_migrations"; args=(); alias=default
DEBUG 2025-07-29 02:00:07,621 utils (0.001) 
            SELECT name, type FROM sqlite_master
            WHERE type in ('table', 'view') AND NOT name='sqlite_sequence'
            ORDER BY name; args=None; alias=default
DEBUG 2025-07-29 02:00:07,625 utils (0.001) SELECT "django_migrations"."id", "django_migrations"."app", "django_migrations"."name", "django_migrations"."applied" FROM "django_migrations"; args=(); alias=default
DEBUG 2025-07-29 02:00:35,590 utils (0.002) 
            SELECT name, type FROM sqlite_master
            WHERE type in ('table', 'view') AND NOT name='sqlite_sequence'
            ORDER BY name; args=None; alias=default
DEBUG 2025-07-29 02:00:35,597 utils (0.001) SELECT "django_migrations"."id", "django_migrations"."app", "django_migrations"."name", "django_migrations"."applied" FROM "django_migrations"; args=(); alias=default
DEBUG 2025-07-29 02:04:40,661 utils (0.001) SELECT "auth_user"."id", "auth_user"."password", "auth_user"."last_login", "auth_user"."is_superuser", "auth_user"."username", "auth_user"."first_name", "auth_user"."last_name", "auth_user"."email", "auth_user"."is_staff", "auth_user"."is_active", "auth_user"."date_joined" FROM "auth_user" WHERE "auth_user"."username" = 'test' LIMIT 21; args=('test',); alias=default
DEBUG 2025-07-29 02:07:05,831 utils (0.001) SELECT "auth_user"."id", "auth_user"."password", "auth_user"."last_login", "auth_user"."is_superuser", "auth_user"."username", "auth_user"."first_name", "auth_user"."last_name", "auth_user"."email", "auth_user"."is_staff", "auth_user"."is_active", "auth_user"."date_joined" FROM "auth_user" WHERE "auth_user"."username" = 'admin' LIMIT 21; args=('admin',); alias=default
DEBUG 2025-07-29 02:10:24,049 utils (0.001) SELECT "auth_user"."id", "auth_user"."password", "auth_user"."last_login", "auth_user"."is_superuser", "auth_user"."username", "auth_user"."first_name", "auth_user"."last_name", "auth_user"."email", "auth_user"."is_staff", "auth_user"."is_active", "auth_user"."date_joined" FROM "auth_user" WHERE "auth_user"."id" = 1 LIMIT 21; args=(1,); alias=default
DEBUG 2025-07-29 02:19:08,859 utils (0.001) 
            SELECT name, type FROM sqlite_master
            WHERE type in ('table', 'view') AND NOT name='sqlite_sequence'
            ORDER BY name; args=None; alias=default
DEBUG 2025-07-29 02:19:08,867 utils (0.001) SELECT "django_migrations"."id", "django_migrations"."app", "django_migrations"."name", "django_migrations"."applied" FROM "django_migrations"; args=(); alias=default
DEBUG 2025-07-29 02:20:56,070 utils (0.002) 
            SELECT name, type FROM sqlite_master
            WHERE type in ('table', 'view') AND NOT name='sqlite_sequence'
            ORDER BY name; args=None; alias=default
DEBUG 2025-07-29 02:20:56,076 utils (0.001) SELECT "django_migrations"."id", "django_migrations"."app", "django_migrations"."name", "django_migrations"."applied" FROM "django_migrations"; args=(); alias=default
DEBUG 2025-07-29 02:21:23,141 utils (0.002) 
            SELECT name, type FROM sqlite_master
            WHERE type in ('table', 'view') AND NOT name='sqlite_sequence'
            ORDER BY name; args=None; alias=default
DEBUG 2025-07-29 02:21:23,151 utils (0.001) SELECT "django_migrations"."id", "django_migrations"."app", "django_migrations"."name", "django_migrations"."applied" FROM "django_migrations"; args=(); alias=default
DEBUG 2025-07-29 02:21:52,928 utils (0.003) 
            SELECT name, type FROM sqlite_master
            WHERE type in ('table', 'view') AND NOT name='sqlite_sequence'
            ORDER BY name; args=None; alias=default
DEBUG 2025-07-29 02:21:52,938 utils (0.001) SELECT "django_migrations"."id", "django_migrations"."app", "django_migrations"."name", "django_migrations"."applied" FROM "django_migrations"; args=(); alias=default
DEBUG 2025-07-29 02:22:27,412 utils (0.005) 
            SELECT name, type FROM sqlite_master
            WHERE type in ('table', 'view') AND NOT name='sqlite_sequence'
            ORDER BY name; args=None; alias=default
DEBUG 2025-07-29 02:22:27,420 utils (0.001) SELECT "django_migrations"."id", "django_migrations"."app", "django_migrations"."name", "django_migrations"."applied" FROM "django_migrations"; args=(); alias=default
DEBUG 2025-07-29 02:22:39,187 utils (0.002) 
            SELECT name, type FROM sqlite_master
            WHERE type in ('table', 'view') AND NOT name='sqlite_sequence'
            ORDER BY name; args=None; alias=default
DEBUG 2025-07-29 02:22:39,196 utils (0.001) SELECT "django_migrations"."id", "django_migrations"."app", "django_migrations"."name", "django_migrations"."applied" FROM "django_migrations"; args=(); alias=default
DEBUG 2025-07-29 02:25:04,219 utils (0.007) SELECT "auth_user"."id", "auth_user"."password", "auth_user"."last_login", "auth_user"."is_superuser", "auth_user"."username", "auth_user"."first_name", "auth_user"."last_name", "auth_user"."email", "auth_user"."is_staff", "auth_user"."is_active", "auth_user"."date_joined" FROM "auth_user" WHERE "auth_user"."id" = 1 LIMIT 21; args=(1,); alias=default
DEBUG 2025-07-29 02:25:04,226 utils (0.001) SELECT "task_manager_task"."id", "task_manager_task"."title", "task_manager_task"."description", "task_manager_task"."status", "task_manager_task"."deadline", "task_manager_task"."deadline_date", "task_manager_task"."created_at" FROM "task_manager_task" ORDER BY "task_manager_task"."created_at" DESC LIMIT 7; args=(); alias=default
DEBUG 2025-07-29 02:25:04,251 utils (0.000) SELECT "task_manager_subtask"."id", "task_manager_subtask"."title", "task_manager_subtask"."description", "task_manager_subtask"."task_id", "task_manager_subtask"."status", "task_manager_subtask"."deadline", "task_manager_subtask"."created_at" FROM "task_manager_subtask" WHERE "task_manager_subtask"."task_id" = 4 ORDER BY "task_manager_subtask"."created_at" DESC; args=(4,); alias=default
DEBUG 2025-07-29 02:25:04,253 utils (0.000) SELECT "task_manager_subtask"."id", "task_manager_subtask"."title", "task_manager_subtask"."description", "task_manager_subtask"."task_id", "task_manager_subtask"."status", "task_manager_subtask"."deadline", "task_manager_subtask"."created_at" FROM "task_manager_subtask" WHERE "task_manager_subtask"."task_id" = 3 ORDER BY "task_manager_subtask"."created_at" DESC; args=(3,); alias=default
DEBUG 2025-07-29 02:25:04,255 utils (0.000) SELECT "task_manager_subtask"."id", "task_manager_subtask"."title", "task_manager_subtask"."description", "task_manager_subtask"."task_id", "task_manager_subtask"."status", "task_manager_subtask"."deadline", "task_manager_subtask"."created_at" FROM "task_manager_subtask" WHERE "task_manager_subtask"."task_id" = 2 ORDER BY "task_manager_subtask"."created_at" DESC; args=(2,); alias=default
DEBUG 2025-07-29 02:25:04,258 utils (0.000) SELECT "task_manager_subtask"."id", "task_manager_subtask"."title", "task_manager_subtask"."description", "task_manager_subtask"."task_id", "task_manager_subtask"."status", "task_manager_subtask"."deadline", "task_manager_subtask"."created_at" FROM "task_manager_subtask" WHERE "task_manager_subtask"."task_id" = 1 ORDER BY "task_manager_subtask"."created_at" DESC; args=(1,); alias=default
DEBUG 2025-07-29 02:26:18,225 utils (0.002) 
            SELECT name, type FROM sqlite_master
            WHERE type in ('table', 'view') AND NOT name='sqlite_sequence'
            ORDER BY name; args=None; alias=default
DEBUG 2025-07-29 02:26:18,233 utils (0.001) SELECT "django_migrations"."id", "django_migrations"."app", "django_migrations"."name", "django_migrations"."applied" FROM "django_migrations"; args=(); alias=default
DEBUG 2025-07-29 02:34:22,652 utils (0.002) 
            SELECT name, type FROM sqlite_master
            WHERE type in ('table', 'view') AND NOT name='sqlite_sequence'
            ORDER BY name; args=None; alias=default
DEBUG 2025-07-29 02:34:22,659 utils (0.001) SELECT "django_migrations"."id", "django_migrations"."app", "django_migrations"."name", "django_migrations"."applied" FROM "django_migrations"; args=(); alias=default
DEBUG 2025-07-29 02:35:15,049 utils (0.002) 
            SELECT name, type FROM sqlite_master
            WHERE type in ('table', 'view') AND NOT name='sqlite_sequence'
            ORDER BY name; args=None; alias=default
DEBUG 2025-07-29 02:35:15,054 utils (0.001) SELECT "django_migrations"."id", "django_migrations"."app", "django_migrations"."name", "django_migrations"."applied" FROM "django_migrations"; args=(); alias=default
DEBUG 2025-07-29 02:36:04,328 utils (0.002) 
            SELECT name, type FROM sqlite_master
            WHERE type in ('table', 'view') AND NOT name='sqlite_sequence'
            ORDER BY name; args=None; alias=default
DEBUG 2025-07-29 02:36:04,335 utils (0.001) SELECT "django_migrations"."id", "django_migrations"."app", "django_migrations"."name", "django_migrations"."applied" FROM "django_migrations"; args=(); alias=default
DEBUG 2025-07-29 02:38:29,041 utils (0.001) 
            SELECT name, type FROM sqlite_master
            WHERE type in ('table', 'view') AND NOT name='sqlite_sequence'
            ORDER BY name; args=None; alias=default
DEBUG 2025-07-29 02:38:29,045 utils (0.000) SELECT "django_migrations"."id", "django_migrations"."app", "django_migrations"."name", "django_migrations"."applied" FROM "django_migrations"; args=(); alias=default
DEBUG 2025-07-29 02:44:44,034 utils (0.001) 
            SELECT name, type FROM sqlite_master
            WHERE type in ('table', 'view') AND NOT name='sqlite_sequence'
            ORDER BY name; args=None; alias=default
DEBUG 2025-07-29 02:44:44,038 utils (0.000) SELECT "django_migrations"."id", "django_migrations"."app", "django_migrations"."name", "django_migrations"."applied" FROM "django_migrations"; args=(); alias=default
DEBUG 2025-07-29 02:44:44,039 utils (0.000) 
            SELECT name, type FROM sqlite_master
            WHERE type in ('table', 'view') AND NOT name='sqlite_sequence'
            ORDER BY name; args=None; alias=default
DEBUG 2025-07-29 02:44:44,040 utils (0.000) SELECT "django_migrations"."id", "django_migrations"."app", "django_migrations"."name", "django_migrations"."applied" FROM "django_migrations"; args=(); alias=default
DEBUG 2025-07-29 02:44:44,059 utils (0.000) 
            SELECT name, type FROM sqlite_master
            WHERE type in ('table', 'view') AND NOT name='sqlite_sequence'
            ORDER BY name; args=None; alias=default
DEBUG 2025-07-29 02:44:44,060 utils (0.000) PRAGMA foreign_keys = OFF; args=None; alias=default
DEBUG 2025-07-29 02:44:44,060 utils (0.000) PRAGMA foreign_keys; args=None; alias=default
DEBUG 2025-07-29 02:44:44,060 utils (0.000) BEGIN; args=None; alias=default
DEBUG 2025-07-29 02:44:44,073 schema CREATE TABLE "new__task_manager_subtask" ("id" integer NOT NULL PRIMARY KEY AUTOINCREMENT, "title" varchar(200) NOT NULL UNIQUE, "description" text NOT NULL, "status" varchar(20) NOT NULL, "deadline" datetime NOT NULL, "created_at" datetime NOT NULL, "task_id" bigint NOT NULL REFERENCES "task_manager_task" ("id") DEFERRABLE INITIALLY DEFERRED, "owner_id" integer NOT NULL REFERENCES "auth_user" ("id") DEFERRABLE INITIALLY DEFERRED); (params None)
DEBUG 2025-07-29 02:44:44,079 utils (0.005) CREATE TABLE "new__task_manager_subtask" ("id" integer NOT NULL PRIMARY KEY AUTOINCREMENT, "title" varchar(200) NOT NULL UNIQUE, "description" text NOT NULL, "status" varchar(20) NOT NULL, "deadline" datetime NOT NULL, "created_at" datetime NOT NULL, "task_id" bigint NOT NULL REFERENCES "task_manager_task" ("id") DEFERRABLE INITIALLY DEFERRED, "owner_id" integer NOT NULL REFERENCES "auth_user" ("id") DEFERRABLE INITIALLY DEFERRED); args=None; alias=default
DEBUG 2025-07-29 02:44:44,079 schema INSERT INTO "new__task_manager_subtask" ("id", "title", "description", "status", "deadline", "created_at", "task_id", "owner_id") SELECT "id", "title", "description", "status", "deadline", "created_at", "task_id", 1 FROM "task_manager_subtask"; (params ())
DEBUG 2025-07-29 02:44:44,080 utils (0.001) INSERT INTO "new__task_manager_subtask" ("id", "title", "description", "status", "deadline", "created_at", "task_id", "owner_id") SELECT "id", "title", "description", "status", "deadline", "created_at", "task_id", 1 FROM "task_manager_subtask"; args=(); alias=default
DEBUG 2025-07-29 02:44:44,081 schema DROP TABLE "task_manager_subtask"; (params ())
DEBUG 2025-07-29 02:44:44,082 utils (0.001) DROP TABLE "task_manager_subtask"; args=(); alias=default
DEBUG 2025-07-29 02:44:44,082 schema ALTER TABLE "new__task_manager_subtask" RENAME TO "task_manager_subtask"; (params ())
DEBUG 2025-07-29 02:44:44,086 utils (0.004) ALTER TABLE "new__task_manager_subtask" RENAME TO "task_manager_subtask"; args=(); alias=default
DEBUG 2025-07-29 02:44:44,091 schema CREATE INDEX "task_manager_subtask_task_id_95d6e401" ON "task_manager_subtask" ("task_id"); (params ())
DEBUG 2025-07-29 02:44:44,092 utils (0.000) CREATE INDEX "task_manager_subtask_task_id_95d6e401" ON "task_manager_subtask" ("task_id"); args=(); alias=default
DEBUG 2025-07-29 02:44:44,092 schema CREATE INDEX "task_manager_subtask_owner_id_49dc8d25" ON "task_manager_subtask" ("owner_id"); (params ())
DEBUG 2025-07-29 02:44:44,092 utils (0.000) CREATE INDEX "task_manager_subtask_owner_id_49dc8d25" ON "task_manager_subtask" ("owner_id"); args=(); alias=default
DEBUG 2025-07-29 02:44:44,108 schema CREATE TABLE "new__task_manager_task" ("id" integer NOT NULL PRIMARY KEY AUTOINCREMENT, "title" varchar(200) NOT NULL UNIQUE, "description" text NOT NULL, "status" varchar(20) NOT NULL, "deadline" datetime NOT NULL, "deadline_date" date NOT NULL, "created_at" datetime NOT NULL, "owner_id" integer NOT NULL REFERENCES "auth_user" ("id") DEFERRABLE INITIALLY DEFERRED, CONSTRAINT "unique_title_per_date" UNIQUE ("title", "deadline_date")); (params None)
DEBUG 2025-07-29 02:44:44,109 utils (0.001) CREATE TABLE "new__task_manager_task" ("id" integer NOT NULL PRIMARY KEY AUTOINCREMENT, "title" varchar(200) NOT NULL UNIQUE, "description" text NOT NULL, "status" varchar(20) NOT NULL, "deadline" datetime NOT NULL, "deadline_date" date NOT NULL, "created_at" datetime NOT NULL, "owner_id" integer NOT NULL REFERENCES "auth_user" ("id") DEFERRABLE INITIALLY DEFERRED, CONSTRAINT "unique_title_per_date" UNIQUE ("title", "deadline_date")); args=None; alias=default
DEBUG 2025-07-29 02:44:44,109 schema INSERT INTO "new__task_manager_task" ("id", "title", "description", "status", "deadline", "deadline_date", "created_at", "owner_id") SELECT "id", "title", "description", "status", "deadline", "deadline_date", "created_at", 2 FROM "task_manager_task"; (params ())
DEBUG 2025-07-29 02:44:44,110 utils (0.000) INSERT INTO "new__task_manager_task" ("id", "title", "description", "status", "deadline", "deadline_date", "created_at", "owner_id") SELECT "id", "title", "description", "status", "deadline", "deadline_date", "created_at", 2 FROM "task_manager_task"; args=(); alias=default
DEBUG 2025-07-29 02:44:44,110 schema DROP TABLE "task_manager_task"; (params ())
DEBUG 2025-07-29 02:44:44,111 utils (0.001) DROP TABLE "task_manager_task"; args=(); alias=default
DEBUG 2025-07-29 02:44:44,112 schema ALTER TABLE "new__task_manager_task" RENAME TO "task_manager_task"; (params ())
DEBUG 2025-07-29 02:44:44,113 utils (0.001) ALTER TABLE "new__task_manager_task" RENAME TO "task_manager_task"; args=(); alias=default
DEBUG 2025-07-29 02:44:44,113 schema CREATE INDEX "task_manager_task_owner_id_848c5118" ON "task_manager_task" ("owner_id"); (params ())
DEBUG 2025-07-29 02:44:44,114 utils (0.000) CREATE INDEX "task_manager_task_owner_id_848c5118" ON "task_manager_task" ("owner_id"); args=(); alias=default
DEBUG 2025-07-29 02:44:44,115 utils (0.000) INSERT INTO "django_migrations" ("app", "name", "applied") VALUES ('myapp', '0005_subtask_owner_task_owner', '2025-07-29 00:44:44.114356') RETURNING "django_migrations"."id"; args=('myapp', '0005_subtask_owner_task_owner', '2025-07-29 00:44:44.114356'); alias=default
DEBUG 2025-07-29 02:44:44,115 utils (0.000) PRAGMA foreign_key_check; args=None; alias=default
DEBUG 2025-07-29 02:44:44,117 utils (0.000) PRAGMA foreign_key_list("task_manager_task"); args=None; alias=default
DEBUG 2025-07-29 02:44:44,117 utils (0.000) PRAGMA table_info("task_manager_task"); args=None; alias=default
DEBUG 2025-07-29 02:44:44,118 utils (0.000) SELECT "id", "owner_id" FROM "task_manager_task" WHERE rowid = 1; args=(1,); alias=default
DEBUG 2025-07-29 02:48:48,741 utils (0.002) 
            SELECT name, type FROM sqlite_master
            WHERE type in ('table', 'view') AND NOT name='sqlite_sequence'
            ORDER BY name; args=None; alias=default
DEBUG 2025-07-29 02:48:48,746 utils (0.000) SELECT "django_migrations"."id", "django_migrations"."app", "django_migrations"."name", "django_migrations"."applied" FROM "django_migrations"; args=(); alias=default
DEBUG 2025-07-29 02:48:48,748 utils (0.000) 
            SELECT name, type FROM sqlite_master
            WHERE type in ('table', 'view') AND NOT name='sqlite_sequence'
            ORDER BY name; args=None; alias=default
DEBUG 2025-07-29 02:48:48,748 utils (0.000) SELECT "django_migrations"."id", "django_migrations"."app", "django_migrations"."name", "django_migrations"."applied" FROM "django_migrations"; args=(); alias=default
DEBUG 2025-07-29 02:48:48,778 utils (0.000) 
            SELECT name, type FROM sqlite_master
            WHERE type in ('table', 'view') AND NOT name='sqlite_sequence'
            ORDER BY name; args=None; alias=default
DEBUG 2025-07-29 02:48:48,779 utils (0.000) PRAGMA foreign_keys = OFF; args=None; alias=default
DEBUG 2025-07-29 02:48:48,779 utils (0.000) PRAGMA foreign_keys; args=None; alias=default
DEBUG 2025-07-29 02:48:48,779 utils (0.000) BEGIN; args=None; alias=default
DEBUG 2025-07-29 02:48:48,801 schema CREATE TABLE "new__task_manager_subtask" ("id" integer NOT NULL PRIMARY KEY AUTOINCREMENT, "title" varchar(200) NOT NULL UNIQUE, "description" text NOT NULL, "status" varchar(20) NOT NULL, "deadline" datetime NOT NULL, "created_at" datetime NOT NULL, "task_id" bigint NOT NULL REFERENCES "task_manager_task" ("id") DEFERRABLE INITIALLY DEFERRED, "owner_id" integer NOT NULL REFERENCES "auth_user" ("id") DEFERRABLE INITIALLY DEFERRED); (params None)
DEBUG 2025-07-29 02:48:48,803 utils (0.002) CREATE TABLE "new__task_manager_subtask" ("id" integer NOT NULL PRIMARY KEY AUTOINCREMENT, "title" varchar(200) NOT NULL UNIQUE, "description" text NOT NULL, "status" varchar(20) NOT NULL, "deadline" datetime NOT NULL, "created_at" datetime NOT NULL, "task_id" bigint NOT NULL REFERENCES "task_manager_task" ("id") DEFERRABLE INITIALLY DEFERRED, "owner_id" integer NOT NULL REFERENCES "auth_user" ("id") DEFERRABLE INITIALLY DEFERRED); args=None; alias=default
DEBUG 2025-07-29 02:48:48,803 schema INSERT INTO "new__task_manager_subtask" ("id", "title", "description", "status", "deadline", "created_at", "task_id", "owner_id") SELECT "id", "title", "description", "status", "deadline", "created_at", "task_id", 1 FROM "task_manager_subtask"; (params ())
DEBUG 2025-07-29 02:48:48,804 utils (0.000) INSERT INTO "new__task_manager_subtask" ("id", "title", "description", "status", "deadline", "created_at", "task_id", "owner_id") SELECT "id", "title", "description", "status", "deadline", "created_at", "task_id", 1 FROM "task_manager_subtask"; args=(); alias=default
DEBUG 2025-07-29 02:48:48,804 schema DROP TABLE "task_manager_subtask"; (params ())
DEBUG 2025-07-29 02:48:48,805 utils (0.001) DROP TABLE "task_manager_subtask"; args=(); alias=default
DEBUG 2025-07-29 02:48:48,806 schema ALTER TABLE "new__task_manager_subtask" RENAME TO "task_manager_subtask"; (params ())
DEBUG 2025-07-29 02:48:48,808 utils (0.003) ALTER TABLE "new__task_manager_subtask" RENAME TO "task_manager_subtask"; args=(); alias=default
DEBUG 2025-07-29 02:48:48,809 schema CREATE INDEX "task_manager_subtask_task_id_95d6e401" ON "task_manager_subtask" ("task_id"); (params ())
DEBUG 2025-07-29 02:48:48,810 utils (0.000) CREATE INDEX "task_manager_subtask_task_id_95d6e401" ON "task_manager_subtask" ("task_id"); args=(); alias=default
DEBUG 2025-07-29 02:48:48,810 schema CREATE INDEX "task_manager_subtask_owner_id_49dc8d25" ON "task_manager_subtask" ("owner_id"); (params ())
DEBUG 2025-07-29 02:48:48,810 utils (0.000) CREATE INDEX "task_manager_subtask_owner_id_49dc8d25" ON "task_manager_subtask" ("owner_id"); args=(); alias=default
DEBUG 2025-07-29 02:48:48,841 schema CREATE TABLE "new__task_manager_task" ("id" integer NOT NULL PRIMARY KEY AUTOINCREMENT, "title" varchar(200) NOT NULL UNIQUE, "description" text NOT NULL, "status" varchar(20) NOT NULL, "deadline" datetime NOT NULL, "deadline_date" date NOT NULL, "created_at" datetime NOT NULL, "owner_id" integer NOT NULL REFERENCES "auth_user" ("id") DEFERRABLE INITIALLY DEFERRED, CONSTRAINT "unique_title_per_date" UNIQUE ("title", "deadline_date")); (params None)
DEBUG 2025-07-29 02:48:48,841 utils (0.000) CREATE TABLE "new__task_manager_task" ("id" integer NOT NULL PRIMARY KEY AUTOINCREMENT, "title" varchar(200) NOT NULL UNIQUE, "description" text NOT NULL, "status" varchar(20) NOT NULL, "deadline" datetime NOT NULL, "deadline_date" date NOT NULL, "created_at" datetime NOT NULL, "owner_id" integer NOT NULL REFERENCES "auth_user" ("id") DEFERRABLE INITIALLY DEFERRED, CONSTRAINT "unique_title_per_date" UNIQUE ("title", "deadline_date")); args=None; alias=default
DEBUG 2025-07-29 02:48:48,842 schema INSERT INTO "new__task_manager_task" ("id", "title", "description", "status", "deadline", "deadline_date", "created_at", "owner_id") SELECT "id", "title", "description", "status", "deadline", "deadline_date", "created_at", 2 FROM "task_manager_task"; (params ())
DEBUG 2025-07-29 02:48:48,842 utils (0.000) INSERT INTO "new__task_manager_task" ("id", "title", "description", "status", "deadline", "deadline_date", "created_at", "owner_id") SELECT "id", "title", "description", "status", "deadline", "deadline_date", "created_at", 2 FROM "task_manager_task"; args=(); alias=default
DEBUG 2025-07-29 02:48:48,842 schema DROP TABLE "task_manager_task"; (params ())
DEBUG 2025-07-29 02:48:48,843 utils (0.001) DROP TABLE "task_manager_task"; args=(); alias=default
DEBUG 2025-07-29 02:48:48,843 schema ALTER TABLE "new__task_manager_task" RENAME TO "task_manager_task"; (params ())
DEBUG 2025-07-29 02:48:48,846 utils (0.002) ALTER TABLE "new__task_manager_task" RENAME TO "task_manager_task"; args=(); alias=default
DEBUG 2025-07-29 02:48:48,846 schema CREATE INDEX "task_manager_task_owner_id_848c5118" ON "task_manager_task" ("owner_id"); (params ())
DEBUG 2025-07-29 02:48:48,847 utils (0.000) CREATE INDEX "task_manager_task_owner_id_848c5118" ON "task_manager_task" ("owner_id"); args=(); alias=default
DEBUG 2025-07-29 02:48:48,849 utils (0.000) INSERT INTO "django_migrations" ("app", "name", "applied") VALUES ('myapp', '0005_subtask_owner_task_owner', '2025-07-29 00:48:48.848351') RETURNING "django_migrations"."id"; args=('myapp', '0005_subtask_owner_task_owner', '2025-07-29 00:48:48.848351'); alias=default
DEBUG 2025-07-29 02:48:48,850 utils (0.000) PRAGMA foreign_key_check; args=None; alias=default
DEBUG 2025-07-29 02:48:48,850 utils (0.000) PRAGMA foreign_key_list("task_manager_task"); args=None; alias=default
DEBUG 2025-07-29 02:48:48,850 utils (0.000) PRAGMA table_info("task_manager_task"); args=None; alias=default
DEBUG 2025-07-29 02:48:48,851 utils (0.000) SELECT "id", "owner_id" FROM "task_manager_task" WHERE rowid = 1; args=(1,); alias=default
DEBUG 2025-07-29 02:51:18,384 utils (0.002) INSERT INTO "auth_user" ("id", "password", "last_login", "is_superuser", "username", "first_name", "last_name", "email", "is_staff", "is_active", "date_joined") VALUES (2, '1_Pasword_1', NULL, 0, 'placeholder', '', '', 'temp@example.com', 0, 1, '2025-07-29 00:51:18.378260') RETURNING "auth_user"."id"; args=(2, '1_Pasword_1', None, False, 'placeholder', '', '', 'temp@example.com', False, True, '2025-07-29 00:51:18.378260'); alias=default
DEBUG 2025-07-29 02:51:39,766 utils (0.001) 
            SELECT name, type FROM sqlite_master
            WHERE type in ('table', 'view') AND NOT name='sqlite_sequence'
            ORDER BY name; args=None; alias=default
DEBUG 2025-07-29 02:51:39,770 utils (0.000) SELECT "django_migrations"."id", "django_migrations"."app", "django_migrations"."name", "django_migrations"."applied" FROM "django_migrations"; args=(); alias=default
DEBUG 2025-07-29 02:51:39,771 utils (0.000) 
            SELECT name, type FROM sqlite_master
            WHERE type in ('table', 'view') AND NOT name='sqlite_sequence'
            ORDER BY name; args=None; alias=default
DEBUG 2025-07-29 02:51:39,772 utils (0.000) SELECT "django_migrations"."id", "django_migrations"."app", "django_migrations"."name", "django_migrations"."applied" FROM "django_migrations"; args=(); alias=default
DEBUG 2025-07-29 02:51:39,790 utils (0.000) 
            SELECT name, type FROM sqlite_master
            WHERE type in ('table', 'view') AND NOT name='sqlite_sequence'
            ORDER BY name; args=None; alias=default
DEBUG 2025-07-29 02:51:39,791 utils (0.000) PRAGMA foreign_keys = OFF; args=None; alias=default
DEBUG 2025-07-29 02:51:39,791 utils (0.000) PRAGMA foreign_keys; args=None; alias=default
DEBUG 2025-07-29 02:51:39,791 utils (0.000) BEGIN; args=None; alias=default
DEBUG 2025-07-29 02:51:39,804 schema CREATE TABLE "new__task_manager_subtask" ("id" integer NOT NULL PRIMARY KEY AUTOINCREMENT, "title" varchar(200) NOT NULL UNIQUE, "description" text NOT NULL, "status" varchar(20) NOT NULL, "deadline" datetime NOT NULL, "created_at" datetime NOT NULL, "task_id" bigint NOT NULL REFERENCES "task_manager_task" ("id") DEFERRABLE INITIALLY DEFERRED, "owner_id" integer NOT NULL REFERENCES "auth_user" ("id") DEFERRABLE INITIALLY DEFERRED); (params None)
DEBUG 2025-07-29 02:51:39,805 utils (0.001) CREATE TABLE "new__task_manager_subtask" ("id" integer NOT NULL PRIMARY KEY AUTOINCREMENT, "title" varchar(200) NOT NULL UNIQUE, "description" text NOT NULL, "status" varchar(20) NOT NULL, "deadline" datetime NOT NULL, "created_at" datetime NOT NULL, "task_id" bigint NOT NULL REFERENCES "task_manager_task" ("id") DEFERRABLE INITIALLY DEFERRED, "owner_id" integer NOT NULL REFERENCES "auth_user" ("id") DEFERRABLE INITIALLY DEFERRED); args=None; alias=default
DEBUG 2025-07-29 02:51:39,806 schema INSERT INTO "new__task_manager_subtask" ("id", "title", "description", "status", "deadline", "created_at", "task_id", "owner_id") SELECT "id", "title", "description", "status", "deadline", "created_at", "task_id", 1 FROM "task_manager_subtask"; (params ())
DEBUG 2025-07-29 02:51:39,806 utils (0.000) INSERT INTO "new__task_manager_subtask" ("id", "title", "description", "status", "deadline", "created_at", "task_id", "owner_id") SELECT "id", "title", "description", "status", "deadline", "created_at", "task_id", 1 FROM "task_manager_subtask"; args=(); alias=default
DEBUG 2025-07-29 02:51:39,806 schema DROP TABLE "task_manager_subtask"; (params ())
DEBUG 2025-07-29 02:51:39,807 utils (0.000) DROP TABLE "task_manager_subtask"; args=(); alias=default
DEBUG 2025-07-29 02:51:39,807 schema ALTER TABLE "new__task_manager_subtask" RENAME TO "task_manager_subtask"; (params ())
DEBUG 2025-07-29 02:51:39,808 utils (0.002) ALTER TABLE "new__task_manager_subtask" RENAME TO "task_manager_subtask"; args=(); alias=default
DEBUG 2025-07-29 02:51:39,809 schema CREATE INDEX "task_manager_subtask_task_id_95d6e401" ON "task_manager_subtask" ("task_id"); (params ())
DEBUG 2025-07-29 02:51:39,809 utils (0.000) CREATE INDEX "task_manager_subtask_task_id_95d6e401" ON "task_manager_subtask" ("task_id"); args=(); alias=default
DEBUG 2025-07-29 02:51:39,809 schema CREATE INDEX "task_manager_subtask_owner_id_49dc8d25" ON "task_manager_subtask" ("owner_id"); (params ())
DEBUG 2025-07-29 02:51:39,810 utils (0.000) CREATE INDEX "task_manager_subtask_owner_id_49dc8d25" ON "task_manager_subtask" ("owner_id"); args=(); alias=default
DEBUG 2025-07-29 02:51:39,825 schema CREATE TABLE "new__task_manager_task" ("id" integer NOT NULL PRIMARY KEY AUTOINCREMENT, "title" varchar(200) NOT NULL UNIQUE, "description" text NOT NULL, "status" varchar(20) NOT NULL, "deadline" datetime NOT NULL, "deadline_date" date NOT NULL, "created_at" datetime NOT NULL, "owner_id" integer NOT NULL REFERENCES "auth_user" ("id") DEFERRABLE INITIALLY DEFERRED, CONSTRAINT "unique_title_per_date" UNIQUE ("title", "deadline_date")); (params None)
DEBUG 2025-07-29 02:51:39,825 utils (0.000) CREATE TABLE "new__task_manager_task" ("id" integer NOT NULL PRIMARY KEY AUTOINCREMENT, "title" varchar(200) NOT NULL UNIQUE, "description" text NOT NULL, "status" varchar(20) NOT NULL, "deadline" datetime NOT NULL, "deadline_date" date NOT NULL, "created_at" datetime NOT NULL, "owner_id" integer NOT NULL REFERENCES "auth_user" ("id") DEFERRABLE INITIALLY DEFERRED, CONSTRAINT "unique_title_per_date" UNIQUE ("title", "deadline_date")); args=None; alias=default
DEBUG 2025-07-29 02:51:39,825 schema INSERT INTO "new__task_manager_task" ("id", "title", "description", "status", "deadline", "deadline_date", "created_at", "owner_id") SELECT "id", "title", "description", "status", "deadline", "deadline_date", "created_at", 2 FROM "task_manager_task"; (params ())
DEBUG 2025-07-29 02:51:39,826 utils (0.000) INSERT INTO "new__task_manager_task" ("id", "title", "description", "status", "deadline", "deadline_date", "created_at", "owner_id") SELECT "id", "title", "description", "status", "deadline", "deadline_date", "created_at", 2 FROM "task_manager_task"; args=(); alias=default
DEBUG 2025-07-29 02:51:39,826 schema DROP TABLE "task_manager_task"; (params ())
DEBUG 2025-07-29 02:51:39,826 utils (0.001) DROP TABLE "task_manager_task"; args=(); alias=default
DEBUG 2025-07-29 02:51:39,827 schema ALTER TABLE "new__task_manager_task" RENAME TO "task_manager_task"; (params ())
DEBUG 2025-07-29 02:51:39,828 utils (0.001) ALTER TABLE "new__task_manager_task" RENAME TO "task_manager_task"; args=(); alias=default
DEBUG 2025-07-29 02:51:39,828 schema CREATE INDEX "task_manager_task_owner_id_848c5118" ON "task_manager_task" ("owner_id"); (params ())
DEBUG 2025-07-29 02:51:39,829 utils (0.000) CREATE INDEX "task_manager_task_owner_id_848c5118" ON "task_manager_task" ("owner_id"); args=(); alias=default
DEBUG 2025-07-29 02:51:39,830 utils (0.000) INSERT INTO "django_migrations" ("app", "name", "applied") VALUES ('myapp', '0005_subtask_owner_task_owner', '2025-07-29 00:51:39.829872') RETURNING "django_migrations"."id"; args=('myapp', '0005_subtask_owner_task_owner', '2025-07-29 00:51:39.829872'); alias=default
DEBUG 2025-07-29 02:51:39,831 utils (0.000) PRAGMA foreign_key_check; args=None; alias=default
DEBUG 2025-07-29 02:51:39,836 utils (0.005) COMMIT; args=None; alias=default
DEBUG 2025-07-29 02:51:39,837 utils (0.000) PRAGMA foreign_keys = ON; args=None; alias=default
DEBUG 2025-07-29 02:51:39,837 utils (0.000) SELECT "django_migrations"."id", "django_migrations"."app", "django_migrations"."name", "django_migrations"."applied" FROM "django_migrations"; args=(); alias=default
DEBUG 2025-07-29 02:51:39,839 utils (0.000) SELECT "django_content_type"."id", "django_content_type"."app_label", "django_content_type"."model" FROM "django_content_type" WHERE "django_content_type"."app_label" = 'admin'; args=('admin',); alias=default
DEBUG 2025-07-29 02:51:39,841 utils (0.000) SELECT "django_content_type"."id", "django_content_type"."app_label", "django_content_type"."model" FROM "django_content_type" WHERE ("django_content_type"."app_label" = 'admin' AND "django_content_type"."model" IN ('logentry')); args=('admin', 'logentry'); alias=default
DEBUG 2025-07-29 02:51:39,845 utils (0.001) SELECT "auth_permission"."content_type_id" AS "content_type", "auth_permission"."codename" AS "codename" FROM "auth_permission" INNER JOIN "django_content_type" ON ("auth_permission"."content_type_id" = "django_content_type"."id") WHERE "auth_permission"."content_type_id" IN (1) ORDER BY "django_content_type"."app_label" ASC, "django_content_type"."model" ASC, 2 ASC; args=(1,); alias=default
DEBUG 2025-07-29 02:51:39,846 utils (0.000) SELECT "django_content_type"."id", "django_content_type"."app_label", "django_content_type"."model" FROM "django_content_type" WHERE "django_content_type"."app_label" = 'admin'; args=('admin',); alias=default
DEBUG 2025-07-29 02:51:39,847 utils (0.000) SELECT "django_content_type"."id", "django_content_type"."app_label", "django_content_type"."model" FROM "django_content_type" WHERE "django_content_type"."app_label" = 'auth'; args=('auth',); alias=default
DEBUG 2025-07-29 02:51:39,848 utils (0.000) SELECT "django_content_type"."id", "django_content_type"."app_label", "django_content_type"."model" FROM "django_content_type" WHERE ("django_content_type"."app_label" = 'auth' AND "django_content_type"."model" IN ('permission', 'user', 'group')); args=('auth', 'permission', 'user', 'group'); alias=default
DEBUG 2025-07-29 02:51:39,851 utils (0.000) SELECT "auth_permission"."content_type_id" AS "content_type", "auth_permission"."codename" AS "codename" FROM "auth_permission" INNER JOIN "django_content_type" ON ("auth_permission"."content_type_id" = "django_content_type"."id") WHERE "auth_permission"."content_type_id" IN (2, 3, 4) ORDER BY "django_content_type"."app_label" ASC, "django_content_type"."model" ASC, 2 ASC; args=(2, 3, 4); alias=default
DEBUG 2025-07-29 02:51:39,852 utils (0.000) SELECT "django_content_type"."id", "django_content_type"."app_label", "django_content_type"."model" FROM "django_content_type" WHERE "django_content_type"."app_label" = 'auth'; args=('auth',); alias=default
DEBUG 2025-07-29 02:51:39,854 utils (0.000) SELECT "django_content_type"."id", "django_content_type"."app_label", "django_content_type"."model" FROM "django_content_type" WHERE "django_content_type"."app_label" = 'contenttypes'; args=('contenttypes',); alias=default
DEBUG 2025-07-29 02:51:39,855 utils (0.000) SELECT "django_content_type"."id", "django_content_type"."app_label", "django_content_type"."model" FROM "django_content_type" WHERE ("django_content_type"."app_label" = 'contenttypes' AND "django_content_type"."model" IN ('contenttype')); args=('contenttypes', 'contenttype'); alias=default
DEBUG 2025-07-29 02:51:39,857 utils (0.000) SELECT "auth_permission"."content_type_id" AS "content_type", "auth_permission"."codename" AS "codename" FROM "auth_permission" INNER JOIN "django_content_type" ON ("auth_permission"."content_type_id" = "django_content_type"."id") WHERE "auth_permission"."content_type_id" IN (5) ORDER BY "django_content_type"."app_label" ASC, "django_content_type"."model" ASC, 2 ASC; args=(5,); alias=default
DEBUG 2025-07-29 02:51:39,857 utils (0.000) SELECT "django_content_type"."id", "django_content_type"."app_label", "django_content_type"."model" FROM "django_content_type" WHERE "django_content_type"."app_label" = 'contenttypes'; args=('contenttypes',); alias=default
DEBUG 2025-07-29 02:51:39,858 utils (0.000) SELECT "django_content_type"."id", "django_content_type"."app_label", "django_content_type"."model" FROM "django_content_type" WHERE "django_content_type"."app_label" = 'sessions'; args=('sessions',); alias=default
DEBUG 2025-07-29 02:51:39,859 utils (0.000) SELECT "django_content_type"."id", "django_content_type"."app_label", "django_content_type"."model" FROM "django_content_type" WHERE ("django_content_type"."app_label" = 'sessions' AND "django_content_type"."model" IN ('session')); args=('sessions', 'session'); alias=default
DEBUG 2025-07-29 02:51:39,861 utils (0.000) SELECT "auth_permission"."content_type_id" AS "content_type", "auth_permission"."codename" AS "codename" FROM "auth_permission" INNER JOIN "django_content_type" ON ("auth_permission"."content_type_id" = "django_content_type"."id") WHERE "auth_permission"."content_type_id" IN (6) ORDER BY "django_content_type"."app_label" ASC, "django_content_type"."model" ASC, 2 ASC; args=(6,); alias=default
DEBUG 2025-07-29 02:51:39,862 utils (0.000) SELECT "django_content_type"."id", "django_content_type"."app_label", "django_content_type"."model" FROM "django_content_type" WHERE "django_content_type"."app_label" = 'sessions'; args=('sessions',); alias=default
DEBUG 2025-07-29 02:51:39,863 utils (0.000) SELECT "django_content_type"."id", "django_content_type"."app_label", "django_content_type"."model" FROM "django_content_type" WHERE "django_content_type"."app_label" = 'rest_framework_simplejwt'; args=('rest_framework_simplejwt',); alias=default
DEBUG 2025-07-29 02:51:39,864 utils (0.000) SELECT "django_content_type"."id", "django_content_type"."app_label", "django_content_type"."model" FROM "django_content_type" WHERE "django_content_type"."app_label" = 'rest_framework_simplejwt'; args=('rest_framework_simplejwt',); alias=default
DEBUG 2025-07-29 02:51:39,865 utils (0.000) SELECT "django_content_type"."id", "django_content_type"."app_label", "django_content_type"."model" FROM "django_content_type" WHERE "django_content_type"."app_label" = 'myapp'; args=('myapp',); alias=default
DEBUG 2025-07-29 02:51:39,867 utils (0.000) SELECT "django_content_type"."id", "django_content_type"."app_label", "django_content_type"."model" FROM "django_content_type" WHERE ("django_content_type"."app_label" = 'myapp' AND "django_content_type"."model" IN ('subtask', 'task', 'category')); args=('myapp', 'subtask', 'task', 'category'); alias=default
DEBUG 2025-07-29 02:51:39,870 utils (0.000) SELECT "auth_permission"."content_type_id" AS "content_type", "auth_permission"."codename" AS "codename" FROM "auth_permission" INNER JOIN "django_content_type" ON ("auth_permission"."content_type_id" = "django_content_type"."id") WHERE "auth_permission"."content_type_id" IN (8, 9, 7) ORDER BY "django_content_type"."app_label" ASC, "django_content_type"."model" ASC, 2 ASC; args=(8, 9, 7); alias=default
DEBUG 2025-07-29 02:51:39,872 utils (0.000) SELECT "django_content_type"."id", "django_content_type"."app_label", "django_content_type"."model" FROM "django_content_type" WHERE "django_content_type"."app_label" = 'myapp'; args=('myapp',); alias=default
DEBUG 2025-07-29 03:22:46,381 utils (0.002) 
            SELECT name, type FROM sqlite_master
            WHERE type in ('table', 'view') AND NOT name='sqlite_sequence'
            ORDER BY name; args=None; alias=default
DEBUG 2025-07-29 03:22:46,386 utils (0.001) SELECT "django_migrations"."id", "django_migrations"."app", "django_migrations"."name", "django_migrations"."applied" FROM "django_migrations"; args=(); alias=default
DEBUG 2025-07-29 10:18:57,352 utils (0.002) 
            SELECT name, type FROM sqlite_master
            WHERE type in ('table', 'view') AND NOT name='sqlite_sequence'
            ORDER BY name; args=None; alias=default
DEBUG 2025-07-29 10:18:57,359 utils (0.001) SELECT "django_migrations"."id", "django_migrations"."app", "django_migrations"."name", "django_migrations"."applied" FROM "django_migrations"; args=(); alias=default
DEBUG 2025-07-29 10:21:00,814 utils (0.002) SELECT 1 AS "a" FROM "auth_user" WHERE "auth_user"."username" = 'test_regi' LIMIT 1; args=(1, 'test_regi'); alias=default
DEBUG 2025-07-29 10:21:00,816 utils (0.000) SELECT 1 AS "a" FROM "auth_user" WHERE "auth_user"."username" = 'test_regi' LIMIT 1; args=(1, 'test_regi'); alias=default
DEBUG 2025-07-29 10:21:00,886 utils (0.000) SELECT 1 AS "a" FROM "auth_user" WHERE "auth_user"."email" = '123@gmail.com' LIMIT 1; args=(1, '123@gmail.com'); alias=default
DEBUG 2025-07-29 10:21:45,357 utils (0.001) SELECT 1 AS "a" FROM "auth_user" WHERE "auth_user"."username" = 'test_regi' LIMIT 1; args=(1, 'test_regi'); alias=default
DEBUG 2025-07-29 10:21:45,358 utils (0.000) SELECT 1 AS "a" FROM "auth_user" WHERE "auth_user"."username" = 'test_regi' LIMIT 1; args=(1, 'test_regi'); alias=default
DEBUG 2025-07-29 10:21:45,361 utils (0.001) SELECT 1 AS "a" FROM "auth_user" WHERE "auth_user"."email" = '123@gmail.com' LIMIT 1; args=(1, '123@gmail.com'); alias=default
DEBUG 2025-07-29 10:21:46,881 utils (0.004) INSERT INTO "auth_user" ("password", "last_login", "is_superuser", "username", "first_name", "last_name", "email", "is_staff", "is_active", "date_joined") VALUES ('pbkdf2_sha256$1000000$ob18VTcAWNKYuyYJyLB3Zw$Jr6UqWYwN+W4YR2mh9hHlJNLuZPIkZHb9MdTdgLqbws=', NULL, 0, 'test_regi', '', '', '123@gmail.com', 0, 1, '2025-07-29 08:21:45.364728') RETURNING "auth_user"."id"; args=('pbkdf2_sha256$1000000$ob18VTcAWNKYuyYJyLB3Zw$Jr6UqWYwN+W4YR2mh9hHlJNLuZPIkZHb9MdTdgLqbws=', None, False, 'test_regi', '', '', '123@gmail.com', False, True, '2025-07-29 08:21:45.364728'); alias=default
DEBUG 2025-07-29 10:24:45,916 utils (0.001) 
            SELECT name, type FROM sqlite_master
            WHERE type in ('table', 'view') AND NOT name='sqlite_sequence'
            ORDER BY name; args=None; alias=default
DEBUG 2025-07-29 10:24:45,921 utils (0.000) SELECT "django_migrations"."id", "django_migrations"."app", "django_migrations"."name", "django_migrations"."applied" FROM "django_migrations"; args=(); alias=default
DEBUG 2025-07-29 10:25:04,964 utils (0.001) 
            SELECT name, type FROM sqlite_master
            WHERE type in ('table', 'view') AND NOT name='sqlite_sequence'
            ORDER BY name; args=None; alias=default
DEBUG 2025-07-29 10:25:04,969 utils (0.001) SELECT "django_migrations"."id", "django_migrations"."app", "django_migrations"."name", "django_migrations"."applied" FROM "django_migrations"; args=(); alias=default
DEBUG 2025-07-29 10:26:48,279 utils (0.001) 
            SELECT name, type FROM sqlite_master
            WHERE type in ('table', 'view') AND NOT name='sqlite_sequence'
            ORDER BY name; args=None; alias=default
DEBUG 2025-07-29 10:26:48,283 utils (0.000) SELECT "django_migrations"."id", "django_migrations"."app", "django_migrations"."name", "django_migrations"."applied" FROM "django_migrations"; args=(); alias=default
DEBUG 2025-07-29 10:27:56,855 utils (0.001) 
            SELECT name, type FROM sqlite_master
            WHERE type in ('table', 'view') AND NOT name='sqlite_sequence'
            ORDER BY name; args=None; alias=default
DEBUG 2025-07-29 10:27:56,859 utils (0.001) SELECT "django_migrations"."id", "django_migrations"."app", "django_migrations"."name", "django_migrations"."applied" FROM "django_migrations"; args=(); alias=default
DEBUG 2025-07-29 10:29:03,815 utils (0.001) 
            SELECT name, type FROM sqlite_master
            WHERE type in ('table', 'view') AND NOT name='sqlite_sequence'
            ORDER BY name; args=None; alias=default
DEBUG 2025-07-29 10:29:03,820 utils (0.001) SELECT "django_migrations"."id", "django_migrations"."app", "django_migrations"."name", "django_migrations"."applied" FROM "django_migrations"; args=(); alias=default
DEBUG 2025-07-29 10:32:47,772 utils (0.001) 
            SELECT name, type FROM sqlite_master
            WHERE type in ('table', 'view') AND NOT name='sqlite_sequence'
            ORDER BY name; args=None; alias=default
DEBUG 2025-07-29 10:32:47,776 utils (0.000) SELECT "django_migrations"."id", "django_migrations"."app", "django_migrations"."name", "django_migrations"."applied" FROM "django_migrations"; args=(); alias=default
DEBUG 2025-07-29 10:33:50,641 utils (0.001) 
            SELECT name, type FROM sqlite_master
            WHERE type in ('table', 'view') AND NOT name='sqlite_sequence'
            ORDER BY name; args=None; alias=default
DEBUG 2025-07-29 10:33:50,645 utils (0.000) SELECT "django_migrations"."id", "django_migrations"."app", "django_migrations"."name", "django_migrations"."applied" FROM "django_migrations"; args=(); alias=default
DEBUG 2025-07-29 10:44:10,650 utils (0.001) 
            SELECT name, type FROM sqlite_master
            WHERE type in ('table', 'view') AND NOT name='sqlite_sequence'
            ORDER BY name; args=None; alias=default
DEBUG 2025-07-29 10:44:10,654 utils (0.001) SELECT "django_migrations"."id", "django_migrations"."app", "django_migrations"."name", "django_migrations"."applied" FROM "django_migrations"; args=(); alias=default
DEBUG 2025-07-29 10:47:14,059 utils (0.001) SELECT "auth_user"."id", "auth_user"."password", "auth_user"."last_login", "auth_user"."is_superuser", "auth_user"."username", "auth_user"."first_name", "auth_user"."last_name", "auth_user"."email", "auth_user"."is_staff", "auth_user"."is_active", "auth_user"."date_joined" FROM "auth_user" WHERE "auth_user"."username" = 'test_regi' LIMIT 21; args=('test_regi',); alias=default
DEBUG 2025-07-29 10:47:15,632 utils (0.000) INSERT INTO "token_blacklist_outstandingtoken" ("user_id", "jti", "token", "created_at", "expires_at") VALUES (3, '3c649d7a6edf46f1990a8e36ae4a7b34', 'eyJhbGciOiJIUzI1NiIsInR5cCI6IkpXVCJ9.eyJ0b2tlbl90eXBlIjoicmVmcmVzaCIsImV4cCI6MTc1Mzg2NTIzNSwiaWF0IjoxNzUzNzc4ODM1LCJqdGkiOiIzYzY0OWQ3YTZlZGY0NmYxOTkwYThlMzZhZTRhN2IzNCIsInVzZXJfaWQiOiIzIn0.E9x2vXmukdkhi47Z1LkiPHcx8q88rOYc6lo-E2_k-is', '2025-07-29 08:47:15.607144', '2025-07-30 08:47:15') RETURNING "token_blacklist_outstandingtoken"."id"; args=(3, '3c649d7a6edf46f1990a8e36ae4a7b34', 'eyJhbGciOiJIUzI1NiIsInR5cCI6IkpXVCJ9.eyJ0b2tlbl90eXBlIjoicmVmcmVzaCIsImV4cCI6MTc1Mzg2NTIzNSwiaWF0IjoxNzUzNzc4ODM1LCJqdGkiOiIzYzY0OWQ3YTZlZGY0NmYxOTkwYThlMzZhZTRhN2IzNCIsInVzZXJfaWQiOiIzIn0.E9x2vXmukdkhi47Z1LkiPHcx8q88rOYc6lo-E2_k-is', '2025-07-29 08:47:15.607144', '2025-07-30 08:47:15'); alias=default
DEBUG 2025-07-29 10:47:15,673 utils (0.000) SELECT "token_blacklist_outstandingtoken"."id", "token_blacklist_outstandingtoken"."user_id", "token_blacklist_outstandingtoken"."jti", "token_blacklist_outstandingtoken"."token", "token_blacklist_outstandingtoken"."created_at", "token_blacklist_outstandingtoken"."expires_at" FROM "token_blacklist_outstandingtoken" ORDER BY "token_blacklist_outstandingtoken"."user_id" ASC LIMIT 21; args=(); alias=default
DEBUG 2025-07-29 10:47:15,675 utils (0.000) SELECT "token_blacklist_outstandingtoken"."id", "token_blacklist_outstandingtoken"."user_id", "token_blacklist_outstandingtoken"."jti", "token_blacklist_outstandingtoken"."token", "token_blacklist_outstandingtoken"."created_at", "token_blacklist_outstandingtoken"."expires_at" FROM "token_blacklist_outstandingtoken" ORDER BY "token_blacklist_outstandingtoken"."user_id" ASC LIMIT 21; args=(); alias=default
DEBUG 2025-07-29 10:49:32,418 utils (0.001) 
            SELECT name, type FROM sqlite_master
            WHERE type in ('table', 'view') AND NOT name='sqlite_sequence'
            ORDER BY name; args=None; alias=default
DEBUG 2025-07-29 10:49:32,424 utils (0.001) SELECT "django_migrations"."id", "django_migrations"."app", "django_migrations"."name", "django_migrations"."applied" FROM "django_migrations"; args=(); alias=default
DEBUG 2025-07-29 10:51:58,150 utils (0.001) 
            SELECT name, type FROM sqlite_master
            WHERE type in ('table', 'view') AND NOT name='sqlite_sequence'
            ORDER BY name; args=None; alias=default
DEBUG 2025-07-29 10:51:58,154 utils (0.000) SELECT "django_migrations"."id", "django_migrations"."app", "django_migrations"."name", "django_migrations"."applied" FROM "django_migrations"; args=(); alias=default
DEBUG 2025-07-29 10:53:05,038 utils (0.002) 
            SELECT name, type FROM sqlite_master
            WHERE type in ('table', 'view') AND NOT name='sqlite_sequence'
            ORDER BY name; args=None; alias=default
DEBUG 2025-07-29 10:53:05,042 utils (0.000) SELECT "django_migrations"."id", "django_migrations"."app", "django_migrations"."name", "django_migrations"."applied" FROM "django_migrations"; args=(); alias=default
DEBUG 2025-07-29 10:57:34,987 utils (0.006) 
            SELECT name, type FROM sqlite_master
            WHERE type in ('table', 'view') AND NOT name='sqlite_sequence'
            ORDER BY name; args=None; alias=default
DEBUG 2025-07-29 10:57:34,998 utils (0.001) SELECT "django_migrations"."id", "django_migrations"."app", "django_migrations"."name", "django_migrations"."applied" FROM "django_migrations"; args=(); alias=default
