WARNING 2025-07-29 02:04:20,195 log Method Not Allowed: /api/token/
WARNING 2025-07-29 02:04:42,398 log Unauthorized: /api/token/
WARNING 2025-07-29 02:08:37,702 log Bad Request: /api/token/refresh/
WARNING 2025-07-29 10:20:23,078 log Method Not Allowed: /api/register/
WARNING 2025-07-29 10:20:23,645 log Not Found: /favicon.ico
WARNING 2025-07-29 10:21:00,895 log Bad Request: /api/register/
ERROR 2025-07-29 10:47:15,734 log Internal Server Error: /api/token/
Traceback (most recent call last):
  File "C:\Users\ICH\PycharmProjects\Tasks\venv\Lib\site-packages\django\db\backends\utils.py", line 105, in _execute
    return self.cursor.execute(sql, params)
           ~~~~~~~~~~~~~~~~~~~^^^^^^^^^^^^^
  File "C:\Users\ICH\PycharmProjects\Tasks\venv\Lib\site-packages\django\db\backends\sqlite3\base.py", line 360, in execute
    return super().execute(query, params)
           ~~~~~~~~~~~~~~~^^^^^^^^^^^^^^^
sqlite3.OperationalError: no such table: token_blacklist_outstandingtoken

The above exception was the direct cause of the following exception:

Traceback (most recent call last):
  File "C:\Users\ICH\PycharmProjects\Tasks\venv\Lib\site-packages\django\core\handlers\exception.py", line 55, in inner
    response = get_response(request)
  File "C:\Users\ICH\PycharmProjects\Tasks\venv\Lib\site-packages\django\core\handlers\base.py", line 197, in _get_response
    response = wrapped_callback(request, *callback_args, **callback_kwargs)
  File "C:\Users\ICH\PycharmProjects\Tasks\venv\Lib\site-packages\django\views\decorators\csrf.py", line 65, in _view_wrapper
    return view_func(request, *args, **kwargs)
  File "C:\Users\ICH\PycharmProjects\Tasks\venv\Lib\site-packages\django\views\generic\base.py", line 105, in view
    return self.dispatch(request, *args, **kwargs)
           ~~~~~~~~~~~~~^^^^^^^^^^^^^^^^^^^^^^^^^^
  File "C:\Users\ICH\PycharmProjects\Tasks\venv\Lib\site-packages\rest_framework\views.py", line 515, in dispatch
    response = self.handle_exception(exc)
  File "C:\Users\ICH\PycharmProjects\Tasks\venv\Lib\site-packages\rest_framework\views.py", line 475, in handle_exception
    self.raise_uncaught_exception(exc)
    ~~~~~~~~~~~~~~~~~~~~~~~~~~~~~^^^^^
  File "C:\Users\ICH\PycharmProjects\Tasks\venv\Lib\site-packages\rest_framework\views.py", line 486, in raise_uncaught_exception
    raise exc
  File "C:\Users\ICH\PycharmProjects\Tasks\venv\Lib\site-packages\rest_framework\views.py", line 512, in dispatch
    response = handler(request, *args, **kwargs)
  File "C:\Users\ICH\PycharmProjects\Tasks\myapp\views.py", line 63, in post
    response = super().post(request, *args, **kwargs)
  File "C:\Users\ICH\PycharmProjects\Tasks\venv\Lib\site-packages\rest_framework_simplejwt\views.py", line 46, in post
    serializer.is_valid(raise_exception=True)
    ~~~~~~~~~~~~~~~~~~~^^^^^^^^^^^^^^^^^^^^^^
  File "C:\Users\ICH\PycharmProjects\Tasks\venv\Lib\site-packages\rest_framework\serializers.py", line 225, in is_valid
    self._validated_data = self.run_validation(self.initial_data)
                           ~~~~~~~~~~~~~~~~~~~^^^^^^^^^^^^^^^^^^^
  File "C:\Users\ICH\PycharmProjects\Tasks\venv\Lib\site-packages\rest_framework\serializers.py", line 447, in run_validation
    value = self.validate(value)
  File "C:\Users\ICH\PycharmProjects\Tasks\myapp\serializers.py", line 15, in validate
    data = super().validate(attrs)
  File "C:\Users\ICH\PycharmProjects\Tasks\venv\Lib\site-packages\rest_framework_simplejwt\serializers.py", line 75, in validate
    refresh = self.get_token(self.user)
  File "C:\Users\ICH\PycharmProjects\Tasks\myapp\serializers.py", line 11, in get_token
    token = super().get_token(user)
  File "C:\Users\ICH\PycharmProjects\Tasks\venv\Lib\site-packages\rest_framework_simplejwt\serializers.py", line 66, in get_token
    return cls.token_class.for_user(user)  # type: ignore
           ~~~~~~~~~~~~~~~~~~~~~~~~^^^^^^
  File "C:\Users\ICH\PycharmProjects\Tasks\venv\Lib\site-packages\rest_framework_simplejwt\tokens.py", line 344, in for_user
    OutstandingToken.objects.create(
    ~~~~~~~~~~~~~~~~~~~~~~~~~~~~~~~^
        user=user,
        ^^^^^^^^^^
    ...<3 lines>...
        expires_at=datetime_from_epoch(exp),
        ^^^^^^^^^^^^^^^^^^^^^^^^^^^^^^^^^^^^
    )
    ^
  File "C:\Users\ICH\PycharmProjects\Tasks\venv\Lib\site-packages\django\db\models\manager.py", line 87, in manager_method
    return getattr(self.get_queryset(), name)(*args, **kwargs)
           ~~~~~~~~~~~~~~~~~~~~~~~~~~~~~~~~~~^^^^^^^^^^^^^^^^^
  File "C:\Users\ICH\PycharmProjects\Tasks\venv\Lib\site-packages\django\db\models\query.py", line 663, in create
    obj.save(force_insert=True, using=self.db)
    ~~~~~~~~^^^^^^^^^^^^^^^^^^^^^^^^^^^^^^^^^^
  File "C:\Users\ICH\PycharmProjects\Tasks\venv\Lib\site-packages\django\db\models\base.py", line 902, in save
    self.save_base(
    ~~~~~~~~~~~~~~^
        using=using,
        ^^^^^^^^^^^^
    ...<2 lines>...
        update_fields=update_fields,
        ^^^^^^^^^^^^^^^^^^^^^^^^^^^^
    )
    ^
  File "C:\Users\ICH\PycharmProjects\Tasks\venv\Lib\site-packages\django\db\models\base.py", line 1008, in save_base
    updated = self._save_table(
        raw,
    ...<4 lines>...
        update_fields,
    )
  File "C:\Users\ICH\PycharmProjects\Tasks\venv\Lib\site-packages\django\db\models\base.py", line 1169, in _save_table
    results = self._do_insert(
        cls._base_manager, using, fields, returning_fields, raw
    )
  File "C:\Users\ICH\PycharmProjects\Tasks\venv\Lib\site-packages\django\db\models\base.py", line 1210, in _do_insert
    return manager._insert(
           ~~~~~~~~~~~~~~~^
        [self],
        ^^^^^^^
    ...<3 lines>...
        raw=raw,
        ^^^^^^^^
    )
    ^
  File "C:\Users\ICH\PycharmProjects\Tasks\venv\Lib\site-packages\django\db\models\manager.py", line 87, in manager_method
    return getattr(self.get_queryset(), name)(*args, **kwargs)
           ~~~~~~~~~~~~~~~~~~~~~~~~~~~~~~~~~~^^^^^^^^^^^^^^^^^
  File "C:\Users\ICH\PycharmProjects\Tasks\venv\Lib\site-packages\django\db\models\query.py", line 1868, in _insert
    return query.get_compiler(using=using).execute_sql(returning_fields)
           ~~~~~~~~~~~~~~~~~~~~~~~~~~~~~~~~~~~~~~~~~~~^^^^^^^^^^^^^^^^^^
  File "C:\Users\ICH\PycharmProjects\Tasks\venv\Lib\site-packages\django\db\models\sql\compiler.py", line 1882, in execute_sql
    cursor.execute(sql, params)
    ~~~~~~~~~~~~~~^^^^^^^^^^^^^
  File "C:\Users\ICH\PycharmProjects\Tasks\venv\Lib\site-packages\django\db\backends\utils.py", line 122, in execute
    return super().execute(sql, params)
           ~~~~~~~~~~~~~~~^^^^^^^^^^^^^
  File "C:\Users\ICH\PycharmProjects\Tasks\venv\Lib\site-packages\django\db\backends\utils.py", line 79, in execute
    return self._execute_with_wrappers(
           ~~~~~~~~~~~~~~~~~~~~~~~~~~~^
        sql, params, many=False, executor=self._execute
        ^^^^^^^^^^^^^^^^^^^^^^^^^^^^^^^^^^^^^^^^^^^^^^^
    )
    ^
  File "C:\Users\ICH\PycharmProjects\Tasks\venv\Lib\site-packages\django\db\backends\utils.py", line 92, in _execute_with_wrappers
    return executor(sql, params, many, context)
  File "C:\Users\ICH\PycharmProjects\Tasks\venv\Lib\site-packages\django\db\backends\utils.py", line 100, in _execute
    with self.db.wrap_database_errors:
         ^^^^^^^^^^^^^^^^^^^^^^^^^^^^
  File "C:\Users\ICH\PycharmProjects\Tasks\venv\Lib\site-packages\django\db\utils.py", line 91, in __exit__
    raise dj_exc_value.with_traceback(traceback) from exc_value
  File "C:\Users\ICH\PycharmProjects\Tasks\venv\Lib\site-packages\django\db\backends\utils.py", line 105, in _execute
    return self.cursor.execute(sql, params)
           ~~~~~~~~~~~~~~~~~~~^^^^^^^^^^^^^
  File "C:\Users\ICH\PycharmProjects\Tasks\venv\Lib\site-packages\django\db\backends\sqlite3\base.py", line 360, in execute
    return super().execute(query, params)
           ~~~~~~~~~~~~~~~^^^^^^^^^^^^^^^
django.db.utils.OperationalError: no such table: token_blacklist_outstandingtoken
